[2026-07-03T03:31:37.065Z] GET / HTTP/1.1 - UserAgent: Mozilla/5.0 (X11; Ubuntu; Linux x86_64; rv:149.0) Gecko/20100101 Firefox/149.0
[2026-07-03T03:31:37.074Z] GET /login HTTP/1.1 - UserAgent: Mozilla/5.0 (X11; Ubuntu; Linux x86_64; rv:149.0) Gecko/20100101 Firefox/149.0
[2026-07-03T03:31:37.357Z] GET /favicon.ico HTTP/1.1 - UserAgent: Mozilla/5.0 (X11; Ubuntu; Linux x86_64; rv:149.0) Gecko/20100101 Firefox/149.0
[2026-07-03T03:39:37.208Z] GET /login HTTP/1.1 - UserAgent: Mozilla/5.0 (X11; Ubuntu; Linux x86_64; rv:149.0) Gecko/20100101 Firefox/149.0
[2026-07-03T03:44:38.475Z] GET /signup HTTP/1.1 - UserAgent: Mozilla/5.0 (X11; Ubuntu; Linux x86_64; rv:149.0) Gecko/20100101 Firefox/149.0
[2026-07-03T03:45:09.695Z] POST /signup HTTP/1.1 - UserAgent: Mozilla/5.0 (X11; Ubuntu; Linux x86_64; rv:149.0) Gecko/20100101 Firefox/149.0
[2026-07-03T03:45:09.800Z] GET /login HTTP/1.1 - UserAgent: Mozilla/5.0 (X11; Ubuntu; Linux x86_64; rv:149.0) Gecko/20100101 Firefox/149.0
[2026-07-03T03:45:16.010Z] POST /login HTTP/1.1 - UserAgent: Mozilla/5.0 (X11; Ubuntu; Linux x86_64; rv:149.0) Gecko/20100101 Firefox/149.0
[2026-07-03T03:45:16.014Z] GET /login?error=credenciais-invalidas HTTP/1.1 - UserAgent: Mozilla/5.0 (X11; Ubuntu; Linux x86_64; rv:149.0) Gecko/20100101 Firefox/149.0
[2026-07-03T03:45:20.337Z] POST /login HTTP/1.1 - UserAgent: Mozilla/5.0 (X11; Ubuntu; Linux x86_64; rv:149.0) Gecko/20100101 Firefox/149.0
[2026-07-03T03:45:20.417Z] GET / HTTP/1.1 - UserAgent: Mozilla/5.0 (X11; Ubuntu; Linux x86_64; rv:149.0) Gecko/20100101 Firefox/149.0
[2026-07-03T03:49:04.089Z] POST /login HTTP/1.1 - UserAgent: Mozilla/5.0 (X11; Ubuntu; Linux x86_64; rv:149.0) Gecko/20100101 Firefox/149.0
[2026-07-03T03:49:04.168Z] GET / HTTP/1.1 - UserAgent: Mozilla/5.0 (X11; Ubuntu; Linux x86_64; rv:149.0) Gecko/20100101 Firefox/149.0
[2026-07-03T03:49:04.192Z] GET /game/index.html HTTP/1.1 - UserAgent: Mozilla/5.0 (X11; Ubuntu; Linux x86_64; rv:149.0) Gecko/20100101 Firefox/149.0
[2026-07-03T03:49:04.200Z] GET /game/css/style.css HTTP/1.1 - UserAgent: Mozilla/5.0 (X11; Ubuntu; Linux x86_64; rv:149.0) Gecko/20100101 Firefox/149.0
[2026-07-03T03:49:04.203Z] GET /game/js/main.js HTTP/1.1 - UserAgent: Mozilla/5.0 (X11; Ubuntu; Linux x86_64; rv:149.0) Gecko/20100101 Firefox/149.0
[2026-07-03T03:49:04.205Z] GET /game/assets/images/sunflower.png HTTP/1.1 - UserAgent: Mozilla/5.0 (X11; Ubuntu; Linux x86_64; rv:149.0) Gecko/20100101 Firefox/149.0
[2026-07-03T03:49:04.207Z] GET /game/assets/images/peashooter.png HTTP/1.1 - UserAgent: Mozilla/5.0 (X11; Ubuntu; Linux x86_64; rv:149.0) Gecko/20100101 Firefox/149.0
[2026-07-03T03:49:04.209Z] GET /game/assets/images/wallnut-states.png HTTP/1.1 - UserAgent: Mozilla/5.0 (X11; Ubuntu; Linux x86_64; rv:149.0) Gecko/20100101 Firefox/149.0
[2026-07-03T03:49:04.210Z] GET /game/assets/images/Shovel.png HTTP/1.1 - UserAgent: Mozilla/5.0 (X11; Ubuntu; Linux x86_64; rv:149.0) Gecko/20100101 Firefox/149.0
[2026-07-03T03:49:04.213Z] GET /game/js/state.js HTTP/1.1 - UserAgent: Mozilla/5.0 (X11; Ubuntu; Linux x86_64; rv:149.0) Gecko/20100101 Firefox/149.0
[2026-07-03T03:49:04.215Z] GET /game/js/ui.js HTTP/1.1 - UserAgent: Mozilla/5.0 (X11; Ubuntu; Linux x86_64; rv:149.0) Gecko/20100101 Firefox/149.0
[2026-07-03T03:49:04.218Z] GET /game/js/audio.js HTTP/1.1 - UserAgent: Mozilla/5.0 (X11; Ubuntu; Linux x86_64; rv:149.0) Gecko/20100101 Firefox/149.0
[2026-07-03T03:49:04.219Z] GET /game/js/storage.js HTTP/1.1 - UserAgent: Mozilla/5.0 (X11; Ubuntu; Linux x86_64; rv:149.0) Gecko/20100101 Firefox/149.0
[2026-07-03T03:49:04.220Z] GET /game/js/board.js HTTP/1.1 - UserAgent: Mozilla/5.0 (X11; Ubuntu; Linux x86_64; rv:149.0) Gecko/20100101 Firefox/149.0
[2026-07-03T03:49:04.224Z] GET /game/js/plants.js HTTP/1.1 - UserAgent: Mozilla/5.0 (X11; Ubuntu; Linux x86_64; rv:149.0) Gecko/20100101 Firefox/149.0
[2026-07-03T03:49:04.226Z] GET /game/js/zombies.js HTTP/1.1 - UserAgent: Mozilla/5.0 (X11; Ubuntu; Linux x86_64; rv:149.0) Gecko/20100101 Firefox/149.0
[2026-07-03T03:49:04.227Z] GET /game/js/collision.js HTTP/1.1 - UserAgent: Mozilla/5.0 (X11; Ubuntu; Linux x86_64; rv:149.0) Gecko/20100101 Firefox/149.0
[2026-07-03T03:49:04.560Z] GET /game/assets/images/mainScreen.png HTTP/1.1 - UserAgent: Mozilla/5.0 (X11; Ubuntu; Linux x86_64; rv:149.0) Gecko/20100101 Firefox/149.0
[2026-07-03T03:49:09.743Z] GET /game/assets/images/background-day.jpg HTTP/1.1 - UserAgent: Mozilla/5.0 (X11; Ubuntu; Linux x86_64; rv:149.0) Gecko/20100101 Firefox/149.0
[2026-07-03T03:49:09.755Z] GET /game/assets/sounds/background_music.mp3 HTTP/1.1 - UserAgent: Mozilla/5.0 (X11; Ubuntu; Linux x86_64; rv:149.0) Gecko/20100101 Firefox/149.0
[2026-07-03T03:49:09.777Z] GET /game/assets/images/sun.png HTTP/1.1 - UserAgent: Mozilla/5.0 (X11; Ubuntu; Linux x86_64; rv:149.0) Gecko/20100101 Firefox/149.0
[2026-07-03T03:49:09.789Z] GET /game/assets/sounds/sun_pickup.mp3 HTTP/1.1 - UserAgent: Mozilla/5.0 (X11; Ubuntu; Linux x86_64; rv:149.0) Gecko/20100101 Firefox/149.0
[2026-07-03T03:49:09.793Z] GET /game/assets/sounds/sun_pickup.mp3 HTTP/1.1 - UserAgent: Mozilla/5.0 (X11; Ubuntu; Linux x86_64; rv:149.0) Gecko/20100101 Firefox/149.0
[2026-07-03T03:49:15.270Z] GET /game/assets/sounds/plant.mp3 HTTP/1.1 - UserAgent: Mozilla/5.0 (X11; Ubuntu; Linux x86_64; rv:149.0) Gecko/20100101 Firefox/149.0
[2026-07-03T03:49:15.271Z] GET /game/assets/sounds/plant.mp3 HTTP/1.1 - UserAgent: Mozilla/5.0 (X11; Ubuntu; Linux x86_64; rv:149.0) Gecko/20100101 Firefox/149.0
[2026-07-03T03:49:32.554Z] GET /game/assets/images/regularZombie.png HTTP/1.1 - UserAgent: Mozilla/5.0 (X11; Ubuntu; Linux x86_64; rv:149.0) Gecko/20100101 Firefox/149.0
[2026-07-03T03:49:32.555Z] GET /game/assets/sounds/zombie_spawn.mp3 HTTP/1.1 - UserAgent: Mozilla/5.0 (X11; Ubuntu; Linux x86_64; rv:149.0) Gecko/20100101 Firefox/149.0
[2026-07-03T03:49:32.557Z] GET /game/assets/sounds/zombie_spawn.mp3 HTTP/1.1 - UserAgent: Mozilla/5.0 (X11; Ubuntu; Linux x86_64; rv:149.0) Gecko/20100101 Firefox/149.0
[2026-07-03T03:49:39.956Z] GET /game/assets/sounds/shoot.mp3 HTTP/1.1 - UserAgent: Mozilla/5.0 (X11; Ubuntu; Linux x86_64; rv:149.0) Gecko/20100101 Firefox/149.0
[2026-07-03T03:49:39.957Z] GET /game/assets/sounds/shoot.mp3 HTTP/1.1 - UserAgent: Mozilla/5.0 (X11; Ubuntu; Linux x86_64; rv:149.0) Gecko/20100101 Firefox/149.0
[2026-07-03T03:49:41.956Z] GET /game/assets/sounds/shoot.mp3 HTTP/1.1 - UserAgent: Mozilla/5.0 (X11; Ubuntu; Linux x86_64; rv:149.0) Gecko/20100101 Firefox/149.0
[2026-07-03T03:50:17.966Z] GET /game/assets/sounds/shoot.mp3 HTTP/1.1 - UserAgent: Mozilla/5.0 (X11; Ubuntu; Linux x86_64; rv:149.0) Gecko/20100101 Firefox/149.0
[2026-07-03T03:50:24.416Z] GET /game/assets/images/strongerZombie.png HTTP/1.1 - UserAgent: Mozilla/5.0 (X11; Ubuntu; Linux x86_64; rv:149.0) Gecko/20100101 Firefox/149.0
[2026-07-03T03:50:31.400Z] GET /game/assets/sounds/shoot.mp3 HTTP/1.1 - UserAgent: Mozilla/5.0 (X11; Ubuntu; Linux x86_64; rv:149.0) Gecko/20100101 Firefox/149.0
[2026-07-03T03:50:35.400Z] GET /game/assets/sounds/shoot.mp3 HTTP/1.1 - UserAgent: Mozilla/5.0 (X11; Ubuntu; Linux x86_64; rv:149.0) Gecko/20100101 Firefox/149.0
[2026-07-03T03:51:00.942Z] GET /game/assets/images/zombie-eating.png HTTP/1.1 - UserAgent: Mozilla/5.0 (X11; Ubuntu; Linux x86_64; rv:149.0) Gecko/20100101 Firefox/149.0
[2026-07-03T03:51:00.947Z] GET /game/assets/sounds/zombie_gulp.mp3 HTTP/1.1 - UserAgent: Mozilla/5.0 (X11; Ubuntu; Linux x86_64; rv:149.0) Gecko/20100101 Firefox/149.0
[2026-07-03T03:51:00.950Z] GET /game/assets/sounds/zombie_gulp.mp3 HTTP/1.1 - UserAgent: Mozilla/5.0 (X11; Ubuntu; Linux x86_64; rv:149.0) Gecko/20100101 Firefox/149.0
[2026-07-03T03:51:00.954Z] GET /game/assets/sounds/shoot.mp3 HTTP/1.1 - UserAgent: Mozilla/5.0 (X11; Ubuntu; Linux x86_64; rv:149.0) Gecko/20100101 Firefox/149.0
[2026-07-03T03:51:48.482Z] GET /ranking HTTP/1.1 - UserAgent: Mozilla/5.0 (X11; Ubuntu; Linux x86_64; rv:149.0) Gecko/20100101 Firefox/149.0
[2026-07-03T03:52:34.324Z] GET /ranking HTTP/1.1 - UserAgent: Mozilla/5.0 (X11; Ubuntu; Linux x86_64; rv:149.0) Gecko/20100101 Firefox/149.0
[2026-07-03T03:52:34.333Z] GET /login HTTP/1.1 - UserAgent: Mozilla/5.0 (X11; Ubuntu; Linux x86_64; rv:149.0) Gecko/20100101 Firefox/149.0
[2026-07-03T03:52:35.884Z] POST /login HTTP/1.1 - UserAgent: Mozilla/5.0 (X11; Ubuntu; Linux x86_64; rv:149.0) Gecko/20100101 Firefox/149.0
[2026-07-03T03:52:35.980Z] GET / HTTP/1.1 - UserAgent: Mozilla/5.0 (X11; Ubuntu; Linux x86_64; rv:149.0) Gecko/20100101 Firefox/149.0
[2026-07-03T03:52:36.003Z] GET /game/index.html HTTP/1.1 - UserAgent: Mozilla/5.0 (X11; Ubuntu; Linux x86_64; rv:149.0) Gecko/20100101 Firefox/149.0
[2026-07-03T03:52:36.015Z] GET /game/js/main.js HTTP/1.1 - UserAgent: Mozilla/5.0 (X11; Ubuntu; Linux x86_64; rv:149.0) Gecko/20100101 Firefox/149.0
[2026-07-03T03:52:36.017Z] GET /game/css/style.css HTTP/1.1 - UserAgent: Mozilla/5.0 (X11; Ubuntu; Linux x86_64; rv:149.0) Gecko/20100101 Firefox/149.0
[2026-07-03T03:52:36.021Z] GET /game/assets/images/wallnut-states.png HTTP/1.1 - UserAgent: Mozilla/5.0 (X11; Ubuntu; Linux x86_64; rv:149.0) Gecko/20100101 Firefox/149.0
[2026-07-03T03:52:36.022Z] GET /game/assets/images/Shovel.png HTTP/1.1 - UserAgent: Mozilla/5.0 (X11; Ubuntu; Linux x86_64; rv:149.0) Gecko/20100101 Firefox/149.0
[2026-07-03T03:52:36.022Z] GET /game/assets/images/peashooter.png HTTP/1.1 - UserAgent: Mozilla/5.0 (X11; Ubuntu; Linux x86_64; rv:149.0) Gecko/20100101 Firefox/149.0
[2026-07-03T03:52:36.025Z] GET /game/assets/images/sunflower.png HTTP/1.1 - UserAgent: Mozilla/5.0 (X11; Ubuntu; Linux x86_64; rv:149.0) Gecko/20100101 Firefox/149.0
[2026-07-03T03:52:36.027Z] GET /game/js/audio.js HTTP/1.1 - UserAgent: Mozilla/5.0 (X11; Ubuntu; Linux x86_64; rv:149.0) Gecko/20100101 Firefox/149.0
[2026-07-03T03:52:36.027Z] GET /game/js/storage.js HTTP/1.1 - UserAgent: Mozilla/5.0 (X11; Ubuntu; Linux x86_64; rv:149.0) Gecko/20100101 Firefox/149.0
[2026-07-03T03:52:36.028Z] GET /game/js/board.js HTTP/1.1 - UserAgent: Mozilla/5.0 (X11; Ubuntu; Linux x86_64; rv:149.0) Gecko/20100101 Firefox/149.0
[2026-07-03T03:52:36.028Z] GET /game/js/state.js HTTP/1.1 - UserAgent: Mozilla/5.0 (X11; Ubuntu; Linux x86_64; rv:149.0) Gecko/20100101 Firefox/149.0
[2026-07-03T03:52:36.032Z] GET /game/js/ui.js HTTP/1.1 - UserAgent: Mozilla/5.0 (X11; Ubuntu; Linux x86_64; rv:149.0) Gecko/20100101 Firefox/149.0
[2026-07-03T03:52:36.034Z] GET /game/js/plants.js HTTP/1.1 - UserAgent: Mozilla/5.0 (X11; Ubuntu; Linux x86_64; rv:149.0) Gecko/20100101 Firefox/149.0
[2026-07-03T03:52:36.034Z] GET /game/js/zombies.js HTTP/1.1 - UserAgent: Mozilla/5.0 (X11; Ubuntu; Linux x86_64; rv:149.0) Gecko/20100101 Firefox/149.0
[2026-07-03T03:52:36.034Z] GET /game/js/collision.js HTTP/1.1 - UserAgent: Mozilla/5.0 (X11; Ubuntu; Linux x86_64; rv:149.0) Gecko/20100101 Firefox/149.0
[2026-07-03T03:52:36.037Z] GET /game/assets/images/mainScreen.png HTTP/1.1 - UserAgent: Mozilla/5.0 (X11; Ubuntu; Linux x86_64; rv:149.0) Gecko/20100101 Firefox/149.0
[2026-07-03T03:52:37.192Z] GET /ranking HTTP/1.1 - UserAgent: Mozilla/5.0 (X11; Ubuntu; Linux x86_64; rv:149.0) Gecko/20100101 Firefox/149.0
